components/UserProfileView.tsx(128,7): error TS17004: Cannot use JSX unless the '--jsx' flag is provided.
components/UserProfileView.tsx(129,10): error TS17004: Cannot use JSX unless the '--jsx' flag is provided.
components/UserProfileView.tsx(130,13): error TS17004: Cannot use JSX unless the '--jsx' flag is provided.
components/UserProfileView.tsx(133,10): error TS17004: Cannot use JSX unless the '--jsx' flag is provided.
components/UserProfileView.tsx(136,13): error TS17004: Cannot use JSX unless the '--jsx' flag is provided.
components/UserProfileView.tsx(138,19): error TS17004: Cannot use JSX unless the '--jsx' flag is provided.
components/UserProfileView.tsx(140,19): error TS17004: Cannot use JSX unless the '--jsx' flag is provided.
components/UserProfileView.tsx(148,80): error TS17004: Cannot use JSX unless the '--jsx' flag is provided.
components/UserProfileView.tsx(153,19): error TS17004: Cannot use JSX unless the '--jsx' flag is provided.
components/UserProfileView.tsx(154,22): error TS17004: Cannot use JSX unless the '--jsx' flag is provided.
components/UserProfileView.tsx(155,25): error TS17004: Cannot use JSX unless the '--jsx' flag is provided.
components/UserProfileView.tsx(156,28): error TS17004: Cannot use JSX unless the '--jsx' flag is provided.
components/UserProfileView.tsx(157,28): error TS17004: Cannot use JSX unless the '--jsx' flag is provided.
components/UserProfileView.tsx(164,41): error TS17004: Cannot use JSX unless the '--jsx' flag is provided.
components/UserProfileView.tsx(171,13): error TS17004: Cannot use JSX unless the '--jsx' flag is provided.
components/UserProfileView.tsx(172,16): error TS17004: Cannot use JSX unless the '--jsx' flag is provided.
components/UserProfileView.tsx(175,19): error TS17004: Cannot use JSX unless the '--jsx' flag is provided.
components/UserProfileView.tsx(176,22): error TS17004: Cannot use JSX unless the '--jsx' flag is provided.
components/UserProfileView.tsx(177,25): error TS17004: Cannot use JSX unless the '--jsx' flag is provided.
components/UserProfileView.tsx(179,31): error TS17004: Cannot use JSX unless the '--jsx' flag is provided.
components/UserProfileView.tsx(181,31): error TS17004: Cannot use JSX unless the '--jsx' flag is provided.
components/UserProfileView.tsx(187,28): error TS17004: Cannot use JSX unless the '--jsx' flag is provided.
components/UserProfileView.tsx(188,31): error TS17004: Cannot use JSX unless the '--jsx' flag is provided.
components/UserProfileView.tsx(189,34): error TS17004: Cannot use JSX unless the '--jsx' flag is provided.
components/UserProfileView.tsx(190,34): error TS17004: Cannot use JSX unless the '--jsx' flag is provided.
components/UserProfileView.tsx(199,39): error TS17004: Cannot use JSX unless the '--jsx' flag is provided.
components/UserProfileView.tsx(199,155): error TS17004: Cannot use JSX unless the '--jsx' flag is provided.
components/UserProfileView.tsx(202,22): error TS17004: Cannot use JSX unless the '--jsx' flag is provided.
components/UserProfileView.tsx(204,28): error TS17004: Cannot use JSX unless the '--jsx' flag is provided.
components/UserProfileView.tsx(205,31): error TS17004: Cannot use JSX unless the '--jsx' flag is provided.
components/UserProfileView.tsx(211,31): error TS17004: Cannot use JSX unless the '--jsx' flag is provided.
components/UserProfileView.tsx(216,34): error TS17004: Cannot use JSX unless the '--jsx' flag is provided.
components/UserProfileView.tsx(217,34): error TS17004: Cannot use JSX unless the '--jsx' flag is provided.
components/UserProfileView.tsx(218,34): error TS17004: Cannot use JSX unless the '--jsx' flag is provided.
components/UserProfileView.tsx(219,34): error TS17004: Cannot use JSX unless the '--jsx' flag is provided.
components/UserProfileView.tsx(220,34): error TS17004: Cannot use JSX unless the '--jsx' flag is provided.
components/UserProfileView.tsx(224,28): error TS17004: Cannot use JSX unless the '--jsx' flag is provided.
components/UserProfileView.tsx(225,31): error TS17004: Cannot use JSX unless the '--jsx' flag is provided.
components/UserProfileView.tsx(227,77): error TS17004: Cannot use JSX unless the '--jsx' flag is provided.
components/UserProfileView.tsx(228,76): error TS17004: Cannot use JSX unless the '--jsx' flag is provided.
components/UserProfileView.tsx(230,31): error TS17004: Cannot use JSX unless the '--jsx' flag is provided.
components/UserProfileView.tsx(237,19): error TS17004: Cannot use JSX unless the '--jsx' flag is provided.
components/UserProfileView.tsx(240,28): error TS17004: Cannot use JSX unless the '--jsx' flag is provided.
components/UserProfileView.tsx(241,31): error TS17004: Cannot use JSX unless the '--jsx' flag is provided.
components/UserProfileView.tsx(242,34): error TS17004: Cannot use JSX unless the '--jsx' flag is provided.
components/UserProfileView.tsx(244,31): error TS17004: Cannot use JSX unless the '--jsx' flag is provided.
components/UserProfileView.tsx(245,34): error TS17004: Cannot use JSX unless the '--jsx' flag is provided.
components/UserProfileView.tsx(249,28): error TS17004: Cannot use JSX unless the '--jsx' flag is provided.
components/UserProfileView.tsx(250,31): error TS17004: Cannot use JSX unless the '--jsx' flag is provided.
components/UserProfileView.tsx(254,25): error TS17004: Cannot use JSX unless the '--jsx' flag is provided.
components/UserProfileView.tsx(255,28): error TS17004: Cannot use JSX unless the '--jsx' flag is provided.
components/UserProfileView.tsx(260,31): error TS17004: Cannot use JSX unless the '--jsx' flag is provided.
components/UserProfileView.tsx(268,16): error TS17004: Cannot use JSX unless the '--jsx' flag is provided.
components/UserProfileView.tsx(269,19): error TS17004: Cannot use JSX unless the '--jsx' flag is provided.
components/UserProfileView.tsx(271,22): error TS17004: Cannot use JSX unless the '--jsx' flag is provided.
components/UserProfileView.tsx(272,25): error TS17004: Cannot use JSX unless the '--jsx' flag is provided.
components/UserProfileView.tsx(274,28): error TS17004: Cannot use JSX unless the '--jsx' flag is provided.
components/UserProfileView.tsx(281,28): error TS17004: Cannot use JSX unless the '--jsx' flag is provided.
components/UserProfileView.tsx(282,51): error TS17004: Cannot use JSX unless the '--jsx' flag is provided.
components/UserProfileView.tsx(285,25): error TS17004: Cannot use JSX unless the '--jsx' flag is provided.
components/UserProfileView.tsx(286,28): error TS17004: Cannot use JSX unless the '--jsx' flag is provided.
components/UserProfileView.tsx(286,71): error TS17004: Cannot use JSX unless the '--jsx' flag is provided.
components/UserProfileView.tsx(287,28): error TS17004: Cannot use JSX unless the '--jsx' flag is provided.
components/UserProfileView.tsx(287,71): error TS17004: Cannot use JSX unless the '--jsx' flag is provided.
components/UserProfileView.tsx(293,25): error TS17004: Cannot use JSX unless the '--jsx' flag is provided.
components/UserProfileView.tsx(294,28): error TS17004: Cannot use JSX unless the '--jsx' flag is provided.
components/UserProfileView.tsx(295,31): error TS17004: Cannot use JSX unless the '--jsx' flag is provided.
components/UserProfileView.tsx(297,28): error TS17004: Cannot use JSX unless the '--jsx' flag is provided.
components/UserProfileView.tsx(298,31): error TS17004: Cannot use JSX unless the '--jsx' flag is provided.
components/UserProfileView.tsx(299,34): error TS17004: Cannot use JSX unless the '--jsx' flag is provided.
components/UserProfileView.tsx(300,34): error TS17004: Cannot use JSX unless the '--jsx' flag is provided.
components/UserProfileView.tsx(302,31): error TS17004: Cannot use JSX unless the '--jsx' flag is provided.
components/UserProfileView.tsx(303,34): error TS17004: Cannot use JSX unless the '--jsx' flag is provided.
components/UserProfileView.tsx(304,34): error TS17004: Cannot use JSX unless the '--jsx' flag is provided.
components/UserProfileView.tsx(306,31): error TS17004: Cannot use JSX unless the '--jsx' flag is provided.
components/UserProfileView.tsx(307,34): error TS17004: Cannot use JSX unless the '--jsx' flag is provided.
components/UserProfileView.tsx(308,34): error TS17004: Cannot use JSX unless the '--jsx' flag is provided.
components/UserProfileView.tsx(310,31): error TS17004: Cannot use JSX unless the '--jsx' flag is provided.
components/UserProfileView.tsx(311,34): error TS17004: Cannot use JSX unless the '--jsx' flag is provided.
components/UserProfileView.tsx(312,34): error TS17004: Cannot use JSX unless the '--jsx' flag is provided.
components/UserProfileView.tsx(320,25): error TS17004: Cannot use JSX unless the '--jsx' flag is provided.
components/UserProfileView.tsx(321,28): error TS17004: Cannot use JSX unless the '--jsx' flag is provided.
components/UserProfileView.tsx(322,31): error TS17004: Cannot use JSX unless the '--jsx' flag is provided.
components/UserProfileView.tsx(323,34): error TS17004: Cannot use JSX unless the '--jsx' flag is provided.
components/UserProfileView.tsx(327,31): error TS17004: Cannot use JSX unless the '--jsx' flag is provided.
components/UserProfileView.tsx(329,37): error TS17004: Cannot use JSX unless the '--jsx' flag is provided.
components/UserProfileView.tsx(330,40): error TS17004: Cannot use JSX unless the '--jsx' flag is provided.
components/UserProfileView.tsx(331,43): error TS17004: Cannot use JSX unless the '--jsx' flag is provided.
components/UserProfileView.tsx(332,43): error TS17004: Cannot use JSX unless the '--jsx' flag is provided.
components/UserProfileView.tsx(334,40): error TS17004: Cannot use JSX unless the '--jsx' flag is provided.
components/UserProfileView.tsx(339,31): error TS17004: Cannot use JSX unless the '--jsx' flag is provided.
components/UserProfileView.tsx(345,19): error TS17004: Cannot use JSX unless the '--jsx' flag is provided.
components/UserProfileView.tsx(348,25): error TS17004: Cannot use JSX unless the '--jsx' flag is provided.
components/UserProfileView.tsx(349,28): error TS17004: Cannot use JSX unless the '--jsx' flag is provided.
components/UserProfileView.tsx(350,31): error TS17004: Cannot use JSX unless the '--jsx' flag is provided.
components/UserProfileView.tsx(351,31): error TS17004: Cannot use JSX unless the '--jsx' flag is provided.
components/UserProfileView.tsx(352,34): error TS17004: Cannot use JSX unless the '--jsx' flag is provided.
components/UserProfileView.tsx(360,25): error TS17004: Cannot use JSX unless the '--jsx' flag is provided.
components/UserProfileView.tsx(361,28): error TS17004: Cannot use JSX unless the '--jsx' flag is provided.
components/UserProfileView.tsx(362,28): error TS17004: Cannot use JSX unless the '--jsx' flag is provided.
components/UserProfileView.tsx(363,31): error TS17004: Cannot use JSX unless the '--jsx' flag is provided.
components/UserProfileView.tsx(366,31): error TS17004: Cannot use JSX unless the '--jsx' flag is provided.
components/UserProfileView.tsx(372,22): error TS17004: Cannot use JSX unless the '--jsx' flag is provided.
components/UserProfileView.tsx(373,25): error TS17004: Cannot use JSX unless the '--jsx' flag is provided.
components/UserProfileView.tsx(374,25): error TS17004: Cannot use JSX unless the '--jsx' flag is provided.
components/UserProfileView.tsx(375,28): error TS17004: Cannot use JSX unless the '--jsx' flag is provided.
components/UserProfileView.tsx(376,31): error TS17004: Cannot use JSX unless the '--jsx' flag is provided.
components/UserProfileView.tsx(377,31): error TS17004: Cannot use JSX unless the '--jsx' flag is provided.
components/UserProfileView.tsx(379,28): error TS17004: Cannot use JSX unless the '--jsx' flag is provided.
components/UserProfileView.tsx(380,31): error TS17004: Cannot use JSX unless the '--jsx' flag is provided.
components/UserProfileView.tsx(381,31): error TS17004: Cannot use JSX unless the '--jsx' flag is provided.
components/UserProfileView.tsx(387,22): error TS17004: Cannot use JSX unless the '--jsx' flag is provided.
components/UserProfileView.tsx(388,25): error TS17004: Cannot use JSX unless the '--jsx' flag is provided.
components/UserProfileView.tsx(388,113): error TS17004: Cannot use JSX unless the '--jsx' flag is provided.
components/UserProfileView.tsx(389,25): error TS17004: Cannot use JSX unless the '--jsx' flag is provided.
components/UserProfileView.tsx(390,28): error TS17004: Cannot use JSX unless the '--jsx' flag is provided.
components/UserProfileView.tsx(393,25): error TS17004: Cannot use JSX unless the '--jsx' flag is provided.
components/UserProfileView.tsx(396,34): error TS17004: Cannot use JSX unless the '--jsx' flag is provided.
components/UserProfileView.tsx(397,37): error TS17004: Cannot use JSX unless the '--jsx' flag is provided.
components/UserProfileView.tsx(398,40): error TS17004: Cannot use JSX unless the '--jsx' flag is provided.
components/UserProfileView.tsx(399,40): error TS17004: Cannot use JSX unless the '--jsx' flag is provided.
components/UserProfileView.tsx(400,43): error TS17004: Cannot use JSX unless the '--jsx' flag is provided.
components/UserProfileView.tsx(404,40): error TS17004: Cannot use JSX unless the '--jsx' flag is provided.
components/UserProfileView.tsx(404,224): error TS17004: Cannot use JSX unless the '--jsx' flag is provided.
components/UserProfileView.tsx(409,31): error TS17004: Cannot use JSX unless the '--jsx' flag is provided.
components/UserProfileView.tsx(413,31): error TS17004: Cannot use JSX unless the '--jsx' flag is provided.
